01:21:30 **** Build of configuration Debug for project UART2_Example_IT_based ****
make -j4 all 
arm-none-eabi-gcc "../Core/Src/main.c" -mcpu=cortex-m4 -std=gnu11 -g3 -DDEBUG -DUSE_HAL_DRIVER -DSTM32F446xx -c -I../Core/Inc -I../Drivers/STM32F4xx_HAL_Driver/Inc -I../Drivers/STM32F4xx_HAL_Driver/Inc/Legacy -I../Drivers/CMSIS/Device/ST/STM32F4xx/Include -I../Drivers/CMSIS/Include -O0 -ffunction-sections -fdata-sections -Wall -fstack-usage -fcyclomatic-complexity -MMD -MP -MF"Core/Src/main.d" -MT"Core/Src/main.o" --specs=nano.specs -mfpu=fpv4-sp-d16 -mfloat-abi=hard -mthumb -o "Core/Src/main.o"
arm-none-eabi-gcc -o "UART2_Example_IT_based.elf" @"objects.list"   -mcpu=cortex-m4 -T"C:\STM32_tutorials\UART2_Example_IT_based\STM32F446RETX_FLASH.ld" --specs=nosys.specs -Wl,-Map="UART2_Example_IT_based.map" -Wl,--gc-sections -static --specs=nano.specs -mfpu=fpv4-sp-d16 -mfloat-abi=hard -mthumb -Wl,--start-group -lc -lm -Wl,--end-group
Finished building target: UART2_Example_IT_based.elf
 
arm-none-eabi-size  UART2_Example_IT_based.elf 
arm-none-eabi-objdump -h -S UART2_Example_IT_based.elf  > "UART2_Example_IT_based.list"
   text	   data	    bss	    dec	    hex	filename
   8380	     16	   1752	  10148	   27a4	UART2_Example_IT_based.elf
Finished building: default.size.stdout
 
Finished building: UART2_Example_IT_based.list
 

01:21:32 Build Finished. 0 errors, 0 warnings. (took 1s.658ms)

